[0.75, 0.5, 0.25, 0.0]
[0.75 0.75 0.75 0.75]
